In [14]: psutil.cpu_percent(interval=1)                                                                  
Out[14]: 7.3

In [15]: psutil.cpu_percent(interval=1, percpu=True)                                                     
Out[15]: [9.6, 6.1, 7.9, 8.1, 5.9, 9.0, 8.0, 5.9]

In [16]: psutil.cpu_percent(interval=1, percpu=True)                                                     
Out[16]: [12.6, 10.8, 5.0, 5.1, 6.0, 7.0, 9.9, 5.1]

In [17]: psutil.cpu_percent(interval=1, percpu=True)                                                     
Out[17]: [9.9, 9.9, 2.0, 7.1, 10.1, 6.1, 7.1, 8.1]

In [18]: psutil.cpu_freq()                                                                               
Out[18]: scpufreq(current=1369.152125, min=400.0, max=1800.0)

In [19]: psutil.virtual_memory()                                                                         
Out[19]: svmem(total=16491819008, available=8241872896, percent=50.0, used=6606774272, free=4279623680, active=7962259456, inactive=3304476672, buffers=633290752, cached=4972130304, shared=1308127232, slab=474128384)

In [20]: mem = psutil.virtual_memory()                                                                   

In [21]: mem                                                                                             
Out[21]: svmem(total=16491819008, available=8236154880, percent=50.1, used=6624575488, free=4182458368, active=7990816768, inactive=3364200448, buffers=646803456, cached=5037981696, shared=1296044032, slab=478441472)

In [22]: type(mem)                                                                                       
Out[22]: psutil._pslinux.svmem

In [23]: mem.percent                                                                                     
Out[23]: 50.1

In [24]: psutil.virtual_memory().percent                                                                 
Out[24]: 50.0

n [1]: import psutil                                                                                    

In [2]: myProcess = psutil.Process(os.getpid())                                                          
In [3]: import os                                                                                        

In [4]: myProcess = psutil.Process(os.getpid())                                                          

In [5]: os.getpid()                                                                                      
Out[5]: 22088

In [6]: os.getpid()                                                                                      
Out[6]: 22088

In [7]: myProcess                                                                                        
Out[7]: psutil.Process(pid=22088, name='ipython', started='14:38:06')

In [8]: myProcess.get_memory_info()                                                                      
---------------------------------------------------------------------------
AttributeError                            Traceback (most recent call last)
<ipython-input-8-d8f5979d2ecc> in <module>
----> 1 myProcess.get_memory_info()

AttributeError: 'Process' object has no attribute 'get_memory_info'

In [9]: myProcess.cpu_percent                                                                            
Out[9]: <bound method Process.cpu_percent of psutil.Process(pid=22088, name='ipython', started='14:38:06')>

In [10]: myProcess.cpu_percent()                                                                         
Out[10]: 0.0

In [11]: myProcess.memory_info()                                                                         
Out[11]: pmem(rss=87207936, vms=3726016512, shared=12021760, text=2322432, lib=0, data=140800000, dirty=0)

In [12]: myProcess.cpu_num()                                                                             
Out[12]: 5

In [13]: myProcess.memory_percent()                                                                      
Out[13]: 0.5297885937119302

In [14]: myProcess.cpu_percent(interval=1)                                                               
Out[14]: 0.0

In [15]: myProcess.cpu_percent(interval=1)                                                               
Out[15]: 1.0

In [16]: myProcess.cpu_percent(interval=1)                                                               
Out[16]: 2.0

In [17]: myProcess.cpu_percent(interval=1)                                                               
Out[17]: 0.0

In [18]: myProcess.cpu_percent(interval=1, percpu=True)                                                  
---------------------------------------------------------------------------
TypeError                                 Traceback (most recent call last)
<ipython-input-18-84cf558ccff8> in <module>
----> 1 myProcess.cpu_percent(interval=1, percpu=True)

TypeError: cpu_percent() got an unexpected keyword argument 'percpu'

In [19]: myProcess.cpu_percent(interval=1, percpu=True)                                                  
---------------------------------------------------------------------------
TypeError                                 Traceback (most recent call last)
<ipython-input-19-d9616b96d944> in <module>
----> 1 myProcess.cpu_percent(interval=1, percpu=True)

TypeError: cpu_percent() got an unexpected keyword argument 'percpu'

In [20]: myProcess.cpu_freq()                                                                            
---------------------------------------------------------------------------
AttributeError                            Traceback (most recent call last)
<ipython-input-20-98d6c32ab9d5> in <module>
----> 1 myProcess.cpu_freq()

AttributeError: 'Process' object has no attribute 'cpu_freq'

In [21]: myProcess.memory_percent()                                                                      
Out[21]: 0.5302853248485032

In [22]: float( process.memory_info()[0] ) / float(2 ** 20)                                              
---------------------------------------------------------------------------
NameError                                 Traceback (most recent call last)
<ipython-input-22-e679f9f00940> in <module>
----> 1 float( process.memory_info()[0] ) / float(2 ** 20)

NameError: name 'process' is not defined

In [23]: float(MyProcess.memory_info()[0] ) / float(2 ** 20)                                             
---------------------------------------------------------------------------
NameError                                 Traceback (most recent call last)
<ipython-input-23-ece36af236d2> in <module>
----> 1 float(MyProcess.memory_info()[0] ) / float(2 ** 20)

NameError: name 'MyProcess' is not defined

In [24]: float(myProcess.memory_info()[0])/float(2 ** 20)                                                
Out[24]: 84.4140625

In [25]: float(myProcess.memory_info()[0])/float(2 ** 20)                                                
Out[25]: 84.41015625

In [26]: float(myProcess.memory_info()[0])/float(2 ** 20)                                                
Out[26]: 84.41796875

In [27]: float(myProcess.memory_info()[0])/float(2 ** 20)                                                
Out[27]: 84.42578125

In [28]: float(myProcess.memory_info()[0])/float(2 ** 20)                                                
Out[28]: 84.44140625

In [29]: float(myProcess.memory_info()[0])/float(2 ** 20)                                                
Out[29]: 84.4296875

In [30]: float(myProcess.memory_info()[0])/float(2 ** 20)                                                
Out[30]: 84.4140625

In [31]: float(myProcess.memory_info()[0])/float(2 ** 20)                                                
Out[31]: 84.40234375

In [32]: float(myProcess.memory_info()[0])/float(2 ** 20)                                                
Out[32]: 84.58984375

In [33]: float(myProcess.memory_info()[0])/float(2 ** 20)                                                
Out[33]: 84.6015625


